[OK] Logged in as Admin
[ERROR] Failed to create product: {"detail":"Database Error: (psycopg2.errors.ForeignKeyViolation) inserci¾n o actualizaci¾n en la tabla ½products╗ viola la llave forßnea ½products_category_id_fkey╗\nDETAIL:  La llave (category_id)=(1) no estß presente en la tabla ½categories╗.\n\n[SQL: INSERT INTO products (name, sku, description, price, price_mayor_1, price_mayor_2, cost_price, profit_margin, discount_percentage, is_discount_active, tax_rate, stock, min_stock, is_active, is_box, location, conversion_factor, unit_type, is_combo, has_imei, image_url, updated_at, category_id, supplier_id, exchange_rate_id) VALUES (%(name)s, %(sku)s, %(description)s, %(price)s, %(price_mayor_1)s, %(price_mayor_2)s, %(cost_price)s, %(profit_margin)s, %(discount_percentage)s, %(is_discount_active)s, %(tax_rate)s, %(stock)s, %(min_stock)s, %(is_active)s, %(is_box)s, %(location)s, %(conversion_factor)s, %(unit_type)s, %(is_combo)s, %(has_imei)s, %(image_url)s, %(updated_at)s, %(category_id)s, %(supplier_id)s, %(exchange_rate_id)s) RETURNING products.id]\n[parameters: {'name': 'Test Phone 9208', 'sku': 'PHONE-5633', 'description': None, 'price': Decimal('500.0'), 'price_mayor_1': Decimal('0.00'), 'price_mayor_2': Decimal('0.00'), 'cost_price': Decimal('0.0000'), 'profit_margin': None, 'discount_percentage': Decimal('0.00'), 'is_discount_active': False, 'tax_rate': Decimal('0.00'), 'stock': Decimal('0.000'), 'min_stock': Decimal('5.000'), 'is_active': True, 'is_box': False, 'location': None, 'conversion_factor': Decimal('1.0'), 'unit_type': 'Unidad', 'is_combo': False, 'has_imei': True, 'image_url': None, 'updated_at': datetime.datetime(2026, 1, 7, 20, 45, 19, 577528), 'category_id': 1, 'supplier_id': 1, 'exchange_rate_id': None}]\n(Background on this error at: https://sqlalche.me/e/20/gkpj)"}
